[0.029s] Invoking command in '/home/silver/ros2_pmi_tutorials/Intermidiate/ros2_ws/build/custom_action_interfaces': /usr/bin/cmake /home/silver/ros2_pmi_tutorials/Intermidiate/ros2_ws/src/custom_action_interfaces -DCMAKE_INSTALL_PREFIX=/home/silver/ros2_pmi_tutorials/Intermidiate/ros2_ws/install/custom_action_interfaces
[0.563s] -- The C compiler identification is GNU 11.4.0
[1.786s] -- The CXX compiler identification is GNU 11.4.0
[2.745s] -- Detecting C compiler ABI info
[3.191s] -- Detecting C compiler ABI info - done
[3.202s] -- Check for working C compiler: /usr/bin/cc - skipped
[3.205s] -- Detecting C compile features
[3.225s] -- Detecting C compile features - done
[3.266s] -- Detecting CXX compiler ABI info
[3.709s] -- Detecting CXX compiler ABI info - done
[3.720s] -- Check for working CXX compiler: /usr/bin/c++ - skipped
[3.721s] -- Detecting CXX compile features
[3.721s] -- Detecting CXX compile features - done
[3.736s] -- Found ament_cmake: 2.3.2 (/opt/ros/rolling/share/ament_cmake/cmake)
[4.082s] -- Found Python3: /usr/bin/python3.10 (found version "3.10.12") found components: Interpreter 
[4.349s] -- Found ament_lint_auto: 0.16.3 (/opt/ros/rolling/share/ament_lint_auto/cmake)
[4.453s] Error parsing '/home/silver/ros2_pmi_tutorials/Intermidiate/ros2_ws/src/custom_action_interfaces/package.xml':
[4.564s] Traceback (most recent call last):
[4.564s]   File "/usr/lib/python3/dist-packages/catkin_pkg/package.py", line 610, in parse_package_string
[4.565s]     root = dom.parseString(data)
[4.566s]   File "/usr/lib/python3.10/xml/dom/minidom.py", line 2000, in parseString
[4.567s]     return expatbuilder.parseString(string)
[4.567s]   File "/usr/lib/python3.10/xml/dom/expatbuilder.py", line 925, in parseString
[4.569s]     return builder.parseString(string)
[4.570s]   File "/usr/lib/python3.10/xml/dom/expatbuilder.py", line 223, in parseString
[4.570s]     parser.Parse(string, True)
[4.570s] xml.parsers.expat.ExpatError: junk after document element: line 20, column 0
[4.570s] 
[4.570s] During handling of the above exception, another exception occurred:
[4.570s] 
[4.570s] Traceback (most recent call last):
[4.570s]   File "/opt/ros/rolling/share/ament_cmake_core/cmake/core/package_xml_2_cmake.py", line 150, in <module>
[4.570s]     main()
[4.570s]   File "/opt/ros/rolling/share/ament_cmake_core/cmake/core/package_xml_2_cmake.py", line 53, in main
[4.570s]     raise e
[4.570s]   File "/opt/ros/rolling/share/ament_cmake_core/cmake/core/package_xml_2_cmake.py", line 49, in main
[4.571s]     package = parse_package_string(
[4.571s]   File "/usr/lib/python3/dist-packages/catkin_pkg/package.py", line 612, in parse_package_string
[4.571s]     raise InvalidPackage('The manifest contains invalid XML:\n%s' % ex, filename)
[4.571s] catkin_pkg.package.InvalidPackage: Error(s) in package '/home/silver/ros2_pmi_tutorials/Intermidiate/ros2_ws/src/custom_action_interfaces/package.xml':
[4.571s] The manifest contains invalid XML:
[4.571s] junk after document element: line 20, column 0
[4.636s] [31mCMake Error at /opt/ros/rolling/share/ament_cmake_core/cmake/core/ament_package_xml.cmake:95 (message):
[4.636s]   execute_process(/usr/bin/python3.10
[4.636s]   /opt/ros/rolling/share/ament_cmake_core/cmake/core/package_xml_2_cmake.py
[4.636s]   /home/silver/ros2_pmi_tutorials/Intermidiate/ros2_ws/src/custom_action_interfaces/package.xml
[4.636s]   /home/silver/ros2_pmi_tutorials/Intermidiate/ros2_ws/build/custom_action_interfaces/ament_cmake_core/package.cmake)
[4.636s]   returned error code 1
[4.636s] Call Stack (most recent call first):
[4.636s]   /opt/ros/rolling/share/ament_cmake_core/cmake/core/ament_package_xml.cmake:49 (_ament_package_xml)
[4.636s]   /opt/ros/rolling/share/ament_lint_auto/cmake/ament_lint_auto_find_test_dependencies.cmake:31 (ament_package_xml)
[4.636s]   CMakeLists.txt:23 (ament_lint_auto_find_test_dependencies)
[4.636s] 
[4.636s] [0m
[4.636s] -- Configuring incomplete, errors occurred!
[4.636s] See also "/home/silver/ros2_pmi_tutorials/Intermidiate/ros2_ws/build/custom_action_interfaces/CMakeFiles/CMakeOutput.log".
[4.647s] Invoked command in '/home/silver/ros2_pmi_tutorials/Intermidiate/ros2_ws/build/custom_action_interfaces' returned '1': /usr/bin/cmake /home/silver/ros2_pmi_tutorials/Intermidiate/ros2_ws/src/custom_action_interfaces -DCMAKE_INSTALL_PREFIX=/home/silver/ros2_pmi_tutorials/Intermidiate/ros2_ws/install/custom_action_interfaces
